// Jest Snapshot v1, https://goo.gl/fbAQLP

exports[`/gone renders 1`] = `
<DocumentFragment>
  <a
    class="Layout_skipToMainContentStyle__1824noh3 sprinkles_paddingLeft_24_default__1lrvpk9cz sprinkles_paddingRight_24_default__1lrvpk9en sprinkles_paddingTop_8_default__1lrvpk9g5 sprinkles_paddingBottom_8_default__1lrvpk9bn sprinkles_backgroundColor_subtle_default__1lrvpk925 sprinkles_color_accent__1lrvpk94 sprinkles_textAlign_center__1lrvpk918"
    href="#content"
  >
    Skip to content
  </a>
  <div
    class="Layout_bandStickyStyle__1824noh1 backgroundImage_ripNotComingSoonBackgroundImageStyle__ewlb040 sprinkles_minHeight_16_default__1lrvpk98w sprinkles_width_full_default__1lrvpk9kh"
  />
  <div
    class="Layout_pageCanvasStyle__1824noh0 sprinkles_backgroundColor_default_default__1lrvpk91z sprinkles_display_flex_default__1lrvpk94q sprinkles_flexDirection_column_default__1lrvpk958"
  >
    <header
      class="Layout_headerLayoutStyle__1824noh2 sprinkles_paddingLeft_pageMargin_default__1lrvpk9e8 sprinkles_paddingRight_pageMargin_default__1lrvpk9fw sprinkles_paddingTop_24_default__1lrvpk9gb sprinkles_paddingTop_32_desktop__1lrvpk9gg sprinkles_paddingBottom_24_default__1lrvpk9bt sprinkles_paddingBottom_32_desktop__1lrvpk9by sprinkles_display_flex_default__1lrvpk94q sprinkles_rowGap_24_default__1lrvpk9hn sprinkles_alignItems_center_default__1lrvpk91h sprinkles_boxShadow_borderBottom_default__1lrvpk92q sprinkles_backgroundColor_default_default__1lrvpk91z"
    >
      <div
        class="sprinkles_display_flex_default__1lrvpk94q sprinkles_flexDirection_column_default__1lrvpk958 sprinkles_alignItems_inherit_default__1lrvpk91k sprinkles_justifyItems_inherit__1lrvpk9r"
      >
        <h1
          class="Mast_flagTypographyStyle__1107qlt0 sprinkles_whiteSpace_nowrap__1lrvpk91d sprinkles_fontWeight_normal__1lrvpk9n"
        >
          <a
            class="sprinkles_color_default__1lrvpk95"
            href="/"
          >
            Frank's Book Log
          </a>
        </h1>
        <p
          class="Mast_taglineStyle__1107qlt1 sprinkles_color_muted__1lrvpk96 sprinkles_lineHeight_16__1lrvpk9x sprinkles_width_full_default__1lrvpk9kh sprinkles_fontSize_small__1lrvpk9h"
        >
          Literature is a relative term.
        </p>
      </div>
      <form
        accept-charset="UTF-8"
        action="https://www.google.com/search"
        class="Mast_orderStyle__1107qlt3 sprinkles_boxShadow_borderAll_default__1lrvpk92t sprinkles_borderRadius_4__1lrvpk90 sprinkles_overflow_hidden__1lrvpk915 sprinkles_width_full_default__1lrvpk9kh sprinkles_width_unset_desktop__1lrvpk9kp sprinkles_maxWidth_prose_default__1lrvpk98e"
        method="get"
        role="search"
      >
        <label
          class="sprinkles_display_flex_default__1lrvpk94q sprinkles_overflow_hidden__1lrvpk915"
          for="search"
        >
          <div
            class="ScreenReaderOnly_screenReaderOnlyStyle__1lzmpje0"
          >
            Search
          </div>
          <input
            class="SiteSearchForm_searchInputStyle__p9uc60 sprinkles_paddingLeft_16_default__1lrvpk9cw sprinkles_paddingRight_16_default__1lrvpk9ek sprinkles_paddingTop_8_default__1lrvpk9g5 sprinkles_paddingBottom_8_default__1lrvpk9bn sprinkles_backgroundColor_subtle_default__1lrvpk925 sprinkles_color_default__1lrvpk95 sprinkles_fontSize_default__1lrvpk9i sprinkles_fontWeight_light__1lrvpk9m sprinkles_lineHeight_24__1lrvpk9y sprinkles_flexGrow_1__1lrvpk9e"
            id="search"
            name="q"
            placeholder="Search..."
            type="text"
          />
          <input
            name="q"
            type="hidden"
            value="site:www.franksmovielog.com"
          />
          <button
            aria-label="Search"
            class="SiteSearchForm_submitButtonStyle__p9uc61 sprinkles_backgroundColor_subtle_default__1lrvpk925"
            type="submit"
            value="Search"
          >
            <svg
              class="SiteSearchForm_iconStyle__p9uc62 SvgIcon_iconStyle__1ennvpn0"
              height="1em"
              viewBox="0 0 16 16"
              width="1em"
              xmlns="http://www.w3.org/2000/svg"
            >
              <path
                d="M10.442 10.442a1 1 0 011.415 0l3.85 3.85a1 1 0 01-1.414 1.415l-3.85-3.85a1 1 0 010-1.415z"
                fill-rule="evenodd"
              />
              <path
                d="M6.5 12a5.5 5.5 0 100-11 5.5 5.5 0 000 11zM13 6.5a6.5 6.5 0 11-13 0 6.5 6.5 0 0113 0z"
                fill-rule="evenodd"
              />
            </svg>
          </button>
        </label>
      </form>
      <nav
        class="sprinkles_color_accent__1lrvpk94"
      >
        <ul
          class="sprinkles_display_flex_default__1lrvpk94q sprinkles_flexWrap_wrap_default__1lrvpk95b sprinkles_justifyContent_center_default__1lrvpk96q sprinkles_rowGap_8_default__1lrvpk9hh sprinkles_columnGap_16_default__1lrvpk935 sprinkles_columnGap_24_tablet__1lrvpk939"
        >
          <li
            class="sprinkles_display_block_default__1lrvpk94k sprinkles_letterSpacing_0.5__1lrvpk9u sprinkles_whiteSpace_nowrap__1lrvpk91d"
          >
            <a
              class="sprinkles_color_inherit__1lrvpk99"
              href="/"
            >
              Home
            </a>
          </li>
          <li
            class="sprinkles_display_block_default__1lrvpk94k sprinkles_letterSpacing_0.5__1lrvpk9u sprinkles_whiteSpace_nowrap__1lrvpk91d"
          >
            <a
              class="sprinkles_color_inherit__1lrvpk99"
              href="/how-i-grade/"
            >
              How I Grade
            </a>
          </li>
          <li
            class="sprinkles_display_block_default__1lrvpk94k sprinkles_letterSpacing_0.5__1lrvpk9u sprinkles_whiteSpace_nowrap__1lrvpk91d"
          >
            <a
              class="sprinkles_color_inherit__1lrvpk99"
              href="/reviews/"
            >
              Reviews
            </a>
          </li>
          <li
            class="sprinkles_display_block_default__1lrvpk94k sprinkles_letterSpacing_0.5__1lrvpk9u sprinkles_whiteSpace_nowrap__1lrvpk91d"
          >
            <a
              class="sprinkles_color_inherit__1lrvpk99"
              href="/shelf/"
            >
              Shelf
            </a>
          </li>
        </ul>
      </nav>
    </header>
    <div
      class="sprinkles_flexGrow_1__1lrvpk9e"
      id="content"
    >
      <main>
        <article
          class="sprinkles_display_flex_default__1lrvpk94q sprinkles_flexDirection_column_default__1lrvpk958 sprinkles_alignItems_center_default__1lrvpk91h"
        >
          <h1
            class="PageTitle_typographyStyle__o0ksb0 sprinkles_paddingLeft_pageMargin_default__1lrvpk9e8 sprinkles_paddingRight_pageMargin_default__1lrvpk9fw sprinkles_paddingTop_24_default__1lrvpk9gb sprinkles_paddingTop_32_desktop__1lrvpk9gg sprinkles_paddingBottom_24_default__1lrvpk9bt sprinkles_paddingBottom_32_desktop__1lrvpk9by sprinkles_textAlign_center__1lrvpk918"
          >
            410 Gone
          </h1>
          <div
            class="gatsby-image-wrapper gatsby-image-wrapper-constrained"
            data-gatsby-image-wrapper=""
            style="position: relative; overflow: hidden; display: inline-block; vertical-align: top;"
          >
            <div
              style="max-width: 1000px; display: block;"
            >
              <img
                alt=""
                aria-hidden="true"
                role="presentation"
                src="data:image/svg+xml;charset=utf-8,%3Csvg%20height='563'%20width='1000'%20xmlns='http://www.w3.org/2000/svg'%20version='1.1'%3E%3C/svg%3E"
                style="max-width: 100%; display: block; position: static;"
              />
            </div>
            <img
              alt=""
              aria-hidden="true"
              data-placeholder-image=""
              decoding="async"
              src="data:image/png;base64,iVBORw0KGgoAAAANSUhEUgAAABQAAAALCAYAAAB/Ca1DAAAACXBIWXMAAAsTAAALEwEAmpwYAAABM0lEQVR42nVSPcqDQBQ0MQr+EYSksBKsrIJ4AhurVKmD5Ai5gCdI43VsBME7WHkHe6PMx3t8GzZxXRh2963OzpsdTdM07HY70CxAe1Hb7/fQdZ0h6uJM3n84tg4JRCJfJF/+O0vQlDcahgHTNJHnOcqyxOPxwPl8ZsUE1X8fhb+ybduG53l4Pp+QR9u2iKIIh8NB2bqSkHA6nZAkCYZhYKJpmvB+v3ldVRUTyqRfglTFIAhwvV4xjiOTLMvCpDTqusbxeGRLNlRqq5aJMMsydF3HJPM8MymN1+sFy7LY31W7Wx46joM4jlEUBfq+/3jYNA0ulwv7KxKwis3Wa/m+z0rTNMX9fsftdkMYhtwuKdyMjSrUItCklNTQq7uuy2siU8XmK4e/RflDMp9ICOJlld794w94QzON+28VEQAAAABJRU5ErkJggg=="
              style="height: 100%; left: 0px; position: absolute; top: 0px; width: 100%;"
            />
            <picture>
              <source
                data-srcset="/static/2c8a125251b0e90d6f6eced0cfd67200/fdfcf/gone.avif 250w,/static/2c8a125251b0e90d6f6eced0cfd67200/b400f/gone.avif 500w,/static/2c8a125251b0e90d6f6eced0cfd67200/70674/gone.avif 1000w,/static/2c8a125251b0e90d6f6eced0cfd67200/31a81/gone.avif 2000w"
                sizes="(min-width: 1000px) 1000px, 100vw"
                type="image/avif"
              />
              <img
                alt="Jake Gittes walks away."
                data-gatsby-image-ssr=""
                data-main-image=""
                data-src="/static/2c8a125251b0e90d6f6eced0cfd67200/f4320/gone.jpg"
                data-srcset="/static/2c8a125251b0e90d6f6eced0cfd67200/2af26/gone.jpg 250w,/static/2c8a125251b0e90d6f6eced0cfd67200/a5dc9/gone.jpg 500w,/static/2c8a125251b0e90d6f6eced0cfd67200/f4320/gone.jpg 1000w,/static/2c8a125251b0e90d6f6eced0cfd67200/f2565/gone.jpg 2000w"
                decoding="async"
                loading="lazy"
                sizes="(min-width: 1000px) 1000px, 100vw"
                style="height: 100%; left: 0px; position: absolute; top: 0px; transform: translateZ(0); transition: opacity 250ms linear; width: 100%; will-change: opacity; opacity: 0;"
              />
            </picture>
            <noscript />
            <script
              type="module"
            >
              const t="undefined"!=typeof HTMLImageElement&&"loading"in HTMLImageElement.prototype;if(t){const t=document.querySelectorAll("img[data-main-image]");for(let e of t){e.dataset.src&&(e.setAttribute("src",e.dataset.src),e.removeAttribute("data-src")),e.dataset.srcset&&(e.setAttribute("srcset",e.dataset.srcset),e.removeAttribute("data-srcset"));const t=e.parentNode.querySelectorAll("source[data-srcset]");for(let e of t)e.setAttribute("srcset",e.dataset.srcset),e.removeAttribute("data-srcset");e.complete&&(e.style.opacity=1,e.parentNode.parentNode.querySelector("[data-placeholder-image]").style.opacity=0)}}
            </script>
          </div>
          <span
            class="sprinkles_width_px_default__1lrvpk9kb sprinkles_height_64_default__1lrvpk965 sprinkles_minWidth_px_default__1lrvpk9aq sprinkles_minHeight_64_default__1lrvpk99b sprinkles_display_block_default__1lrvpk94k"
          />
          <div
            class="sprinkles_paddingLeft_pageMargin_default__1lrvpk9e8 sprinkles_paddingRight_pageMargin_default__1lrvpk9fw"
          >
            <div
              class="RenderedMarkdown_renderedMarkdownStyle__w2sssm0 LongFormText_typographyStyle__za3khu0 sprinkles_fontWeight_light__1lrvpk9m sprinkles_maxWidth_prose_default__1lrvpk98e"
            >
              <p>
                Forget it, Jake. It’s Chinatown.
              </p>
            </div>
          </div>
          <span
            class="sprinkles_width_px_default__1lrvpk9kb sprinkles_height_128_default__1lrvpk96e sprinkles_minWidth_px_default__1lrvpk9aq sprinkles_minHeight_128_default__1lrvpk99k sprinkles_display_block_default__1lrvpk94k"
          />
        </article>
      </main>
    </div>
    <footer
      class="backgroundImage_ripNotComingSoonBackgroundImageStyle__ewlb040 sprinkles_paddingLeft_pageMargin_default__1lrvpk9e8 sprinkles_paddingRight_pageMargin_default__1lrvpk9fw sprinkles_paddingTop_32_default__1lrvpk9ge sprinkles_paddingBottom_32_default__1lrvpk9bw sprinkles_color_inverse__1lrvpk98 sprinkles_display_flex_default__1lrvpk94q sprinkles_rowGap_24_default__1lrvpk9hn sprinkles_alignItems_center_default__1lrvpk91h sprinkles_flexDirection_column_default__1lrvpk958"
    >
      <nav>
        <ul
          class="sprinkles_display_flex_default__1lrvpk94q sprinkles_flexWrap_wrap_default__1lrvpk95b sprinkles_justifyContent_center_default__1lrvpk96q sprinkles_rowGap_8_default__1lrvpk9hh sprinkles_columnGap_16_default__1lrvpk935 sprinkles_columnGap_24_tablet__1lrvpk939"
        >
          <li
            class="sprinkles_display_block_default__1lrvpk94k sprinkles_letterSpacing_0.5__1lrvpk9u sprinkles_whiteSpace_nowrap__1lrvpk91d"
          >
            <a
              class="sprinkles_color_inherit__1lrvpk99"
              href="/"
            >
              Home
            </a>
          </li>
          <li
            class="sprinkles_display_block_default__1lrvpk94k sprinkles_letterSpacing_0.5__1lrvpk9u sprinkles_whiteSpace_nowrap__1lrvpk91d"
          >
            <a
              class="sprinkles_color_inherit__1lrvpk99"
              href="/how-i-grade/"
            >
              How I Grade
            </a>
          </li>
          <li
            class="sprinkles_display_block_default__1lrvpk94k sprinkles_letterSpacing_0.5__1lrvpk9u sprinkles_whiteSpace_nowrap__1lrvpk91d"
          >
            <a
              class="sprinkles_color_inherit__1lrvpk99"
              href="/reviews/"
            >
              Reviews
            </a>
          </li>
          <li
            class="sprinkles_display_block_default__1lrvpk94k sprinkles_letterSpacing_0.5__1lrvpk9u sprinkles_whiteSpace_nowrap__1lrvpk91d"
          >
            <a
              class="sprinkles_color_inherit__1lrvpk99"
              href="/shelf/"
            >
              Shelf
            </a>
          </li>
        </ul>
      </nav>
      <p
        class="sprinkles_fontWeight_light__1lrvpk9m sprinkles_fontSize_small__1lrvpk9h sprinkles_lineHeight_16__1lrvpk9x"
      >
        All images used in accordance with the 
        <a
          class="sprinkles_color_inherit__1lrvpk99"
          href="http://www.copyright.gov/title17/92chap1.html#107"
        >
          Fair Use Law.
        </a>
      </p>
      <div
        class="ScreenReaderOnly_screenReaderOnlyStyle__1lzmpje0"
      >
        <a
          href="#top"
        >
          To the top ↑
        </a>
      </div>
    </footer>
  </div>
</DocumentFragment>
`;
