// Vitest Snapshot v1, https://vitest.dev/guide/snapshot.html

exports[`Home > matches snapshot 1`] = `
<DocumentFragment>
  <div
    class="group/layout"
  >
    <a
      class="
          absolute top-0.5 left-1/2 z-50 mx-auto
          [transform:translate(-50%,calc(-100%-2px))]
          bg-subtle px-6 py-2 text-center text-accent
          focus:[transform:translate(-50%,0%)]
        "
      href="#content"
    >
      Skip to content
    </a>
    <div
      class="flex min-h-full w-full flex-col bg-default"
    >
      <header
        class="
        group/mast z-20 flex w-full items-center justify-between px-container
        py-4
        tablet:p-6
        laptop:inset-x-0 laptop:z-40 laptop:flex-row laptop:flex-wrap
        laptop:px-16 laptop:py-8 laptop:text-left
      "
        style="background-image: linear-gradient(to bottom, rgba(0,0,0,.85), transparent 95%); color: rgb(255, 255, 255); position: absolute;"
      >
        <div />
        <div
          class="flex items-center"
        >
          <nav
            class="
            hidden w-full
            laptop:block laptop:w-auto
          "
          >
            <ul
              class="flex flex-wrap justify-start gap-x-6 text-xl"
            >
              <li
                class="
        block transform-gpu tracking-serif-wide whitespace-nowrap
        transition-transform
        has-[a:hover]:scale-105
      "
              >
                <a
                  class="text-inherit"
                  href="/"
                  style="text-shadow: 1px 1px 2px black;"
                >
                  Home
                </a>
              </li>
              <li
                class="
        block transform-gpu tracking-serif-wide whitespace-nowrap
        transition-transform
        has-[a:hover]:scale-105
      "
              >
                <a
                  class="text-inherit"
                  href="/how-i-grade/"
                  style="text-shadow: 1px 1px 2px black;"
                >
                  How I Grade
                </a>
              </li>
              <li
                class="
        block transform-gpu tracking-serif-wide whitespace-nowrap
        transition-transform
        has-[a:hover]:scale-105
      "
              >
                <a
                  class="text-inherit"
                  href="/reviews/"
                  style="text-shadow: 1px 1px 2px black;"
                >
                  Reviews
                </a>
              </li>
              <li
                class="
        block transform-gpu tracking-serif-wide whitespace-nowrap
        transition-transform
        has-[a:hover]:scale-105
      "
              >
                <a
                  class="text-inherit"
                  href="/authors/"
                  style="text-shadow: 1px 1px 2px black;"
                >
                  Authors
                </a>
              </li>
              <li
                class="
        block transform-gpu tracking-serif-wide whitespace-nowrap
        transition-transform
        has-[a:hover]:scale-105
      "
              >
                <a
                  class="text-inherit"
                  href="/readings/"
                  style="text-shadow: 1px 1px 2px black;"
                >
                  Reading Log
                </a>
              </li>
            </ul>
          </nav>
          <div
            class="
        z-1000 transform-gpu transition-transform
        group-has-[#nav:checked]/mast:!text-[#fff]
        hover:scale-105
      "
          >
            <button
              aria-keyshortcuts="Control+K"
              aria-label="Search"
              class="
          flex size-10 items-center justify-center overflow-hidden text-sm
          leading-6 ring-default
          laptop:ml-6
        "
              data-open-modal="true"
              disabled=""
              title="Search: Control+K"
              type="button"
            >
              <svg
                class="size-7"
                fill="none"
                stroke="currentColor"
                stroke-width="1.5"
                viewBox="0 0 24 24"
                xmlns="http://www.w3.org/2000/svg"
              >
                <path
                  d="m21 21-5.197-5.197m0 0A7.5 7.5 0 1 0 5.196 5.196a7.5 7.5 0 0 0 10.607 10.607Z"
                  stroke-linecap="round"
                  stroke-linejoin="round"
                />
              </svg>
            </button>
          </div>
          <div
            class="group"
          >
            <input
              class="hidden"
              id="nav"
              type="checkbox"
            />
            <label
              class="
          relative z-40 ml-2 flex h-10 w-10 transform-gpu cursor-pointer
          items-center justify-center transition-transform
          hover:scale-110
          laptop:hidden
        "
              for="nav"
            >
              <span
                class="
            relative block h-0.5 w-6 origin-center
            transition-[top,bottom,transform] duration-200 ease-in-out
            group-has-[#nav:checked]/mast:transform-[rotate(45deg)]
            group-has-[#nav:checked]/mast:!bg-[#fff]
            before:absolute before:-top-2 before:block before:h-0.5 before:w-6
            before:bg-inherit before:transition before:duration-200
            before:ease-in-out
            group-has-[#nav:checked]/mast:before:top-0
            group-has-[#nav:checked]/mast:before:transform-[rotate(90deg)]
            after:absolute after:-bottom-2 after:block after:h-0.5 after:w-6
            after:bg-inherit after:transition after:duration-200
            after:ease-in-out
            group-has-[#nav:checked]/mast:after:bottom-0
            group-has-[#nav:checked]/mast:after:transform-[rotate(90deg)]
          "
                style="background-color: rgb(255, 255, 255);"
              />
            </label>
            <ul
              class="
          fixed top-0 right-0 z-20 flex h-full w-0 transform-[translateX(100%)]
          flex-col items-start gap-y-5 overflow-hidden bg-footer text-left
          text-inverse opacity-0 duration-200 ease-in-out
          group-has-[#nav:checked]/mast:bottom-0
          group-has-[#nav:checked]/mast:z-20
          group-has-[#nav:checked]/mast:h-full
          group-has-[#nav:checked]/mast:w-full
          group-has-[#nav:checked]/mast:transform-[translateX(0)]
          group-has-[#nav:checked]/mast:overflow-y-auto
          group-has-[#nav:checked]/mast:pt-20
          group-has-[#nav:checked]/mast:pr-[16%]
          group-has-[#nav:checked]/mast:pb-5
          group-has-[#nav:checked]/mast:pl-[12%]
          group-has-[#nav:checked]/mast:opacity-100
          tablet:max-w-[35vw]
          group-has-[#nav:checked]/mast:tablet:px-10
          group-has-[#nav:checked]/mast:tablet:py-40
          laptop:hidden
        "
            >
              <li
                class="block w-1/2 text-2xl whitespace-nowrap"
              >
                <a
                  class="
          inline-block origin-left transform-gpu transition-all
          hover:scale-105
        "
                  href="/"
                >
                  Home
                </a>
              </li>
              <li
                class="block w-1/2 text-2xl whitespace-nowrap"
              >
                <a
                  class="
          inline-block origin-left transform-gpu transition-all
          hover:scale-105
        "
                  href="/how-i-grade/"
                >
                  How I Grade
                </a>
              </li>
              <li
                class="block w-1/2 text-2xl whitespace-nowrap"
              >
                <a
                  class="
          inline-block origin-left transform-gpu transition-all
          hover:scale-105
        "
                  href="/reviews/"
                >
                  Reviews
                </a>
              </li>
              <li
                class="block w-1/2 text-2xl whitespace-nowrap"
              >
                <a
                  class="
          inline-block origin-left transform-gpu transition-all
          hover:scale-105
        "
                  href="/authors/"
                >
                  Authors
                </a>
              </li>
              <li
                class="block w-1/2 text-2xl whitespace-nowrap"
              >
                <a
                  class="
          inline-block origin-left transform-gpu transition-all
          hover:scale-105
        "
                  href="/readings/"
                >
                  Reading Log
                </a>
                <ol
                  class="mt-4"
                >
                  <li
                    class="
              mb-4 ml-1 font-sans text-xs tracking-wider text-inverse-subtle
              uppercase
              last:mb-0
            "
                  >
                    <a
                      class="
                inline-block origin-left transform-gpu transition-all
                hover:scale-105 hover:text-inverse
              "
                      href="/readings/stats/"
                    >
                      Stats
                    </a>
                  </li>
                </ol>
              </li>
            </ul>
          </div>
        </div>
      </header>
      <main
        class="
            grow transition-[opacity] duration-200 ease-in-out
            group-has-[#nav:checked]/layout:opacity-80
            bg-subtle pb-8
          "
        id="content"
      >
        <header
          class="
        min-h-[clamp(340px,50vh,1350px)]
        text-inverse
        bg-[#000]
        relative flex w-full flex-col content-start items-center justify-end
        gap-6 overflow-hidden pt-20
        laptop:pt-24
      "
        >
          <img
            alt=""
            class="
        absolute inset-0 size-full object-cover object-top
        false
      "
            fetchpriority="high"
            height="1350"
            loading="eager"
            sizes="100vw"
            src="/_image/?href=%2Fcontent%2Fassets%2Fbackdrops%2Fhome.png%3ForigWidth%3D2400%26origHeight%3D1350%26origFormat%3Dpng&w=2400&h=1350&q=80&f=avif"
            srcset="/_image/?href=%2Fcontent%2Fassets%2Fbackdrops%2Fhome.png%3ForigWidth%3D2400%26origHeight%3D1350%26origFormat%3Dpng&w=720&h=405&q=80&f=avif 720w, /_image/?href=%2Fcontent%2Fassets%2Fbackdrops%2Fhome.png%3ForigWidth%3D2400%26origHeight%3D1350%26origFormat%3Dpng&w=1200&h=675&q=80&f=avif 1200w, /_image/?href=%2Fcontent%2Fassets%2Fbackdrops%2Fhome.png%3ForigWidth%3D2400%26origHeight%3D1350%26origFormat%3Dpng&w=1920&h=1080&q=80&f=avif 1920w, /_image/?href=%2Fcontent%2Fassets%2Fbackdrops%2Fhome.png%3ForigWidth%3D2400%26origHeight%3D1350%26origFormat%3Dpng&w=2400&h=1350&q=80&f=avif 2400w"
            width="2400"
          />
          <div
            class="
          
          z-10 mx-auto flex w-full
          max-w-(--breakpoint-desktop) px-container
          flex-col
          
                after:absolute after:top-0 after:left-0 after:-z-10 after:h-full
                after:w-full after:bg-linear-to-t after:from-[rgba(0,0,0,.85)]
                after:to-50%
                tablet:after:to-25%
              
          py-8
          tablet:pb-10
          laptop:pt-10
          desktop:pt-20
        "
          >
            <h1
              class="
          text-3xl leading-8
          [text-shadow:1px_1px_2px_black]
          tablet:text-4xl tablet:leading-10
          laptop:text-5xl laptop:leading-10
          desktop:text-6xl desktop:leading-10
        "
            >
              Frank's Book Log
            </h1>
            <p
              class="
        mt-1 text-base
        desktop:my-4 desktop:text-xl
        
        [text-shadow:1px_1px_2px_black]
        
      "
            >
              Literature is a relative term.
            </p>
          </div>
        </header>
        <nav
          class="mx-auto max-w-(--breakpoint-desktop) px-container"
        >
          <h2
            class="
          py-10 font-sans text-xs font-semibold tracking-wide text-subtle
          uppercase
        "
          >
            Latest Reviews
          </h2>
          <ol
            class="
            -mx-4 grid grid-cols-2 grid-rows-[auto_1fr] flex-wrap gap-x-2
            gap-y-2
            tablet:flex tablet:items-baseline tablet:gap-x-4 tablet:gap-y-4
            laptop:-mx-6 laptop:gap-x-6 laptop:gap-y-6
            desktop:-mx-8 desktop:gap-y-12
          "
          >
            <li
              class="
        group/card relative row-span-2 grid transform-gpu grid-rows-subgrid
        flex-col bg-default transition-transform
        has-[a:hover]:-translate-y-2 has-[a:hover]:drop-shadow-2xl
        tablet:flex tablet:w-[calc((100%_-_32px)_/_3)]
        tablet-landscape:w-[calc((100%_-_48px)_/_4)]
        laptop:w-[calc((100%_-_120px)_/_6)]
      "
            >
              <div
                class="
          @container z-10 flex justify-center self-end px-3 pt-6
          tablet:self-auto
          @min-[200px]:px-[clamp(4px,10cqw,32px)]
        "
              >
                <div
                  class="
            relative drop-shadow-md
            after:absolute after:inset-x-0 after:top-0 after:bottom-0 after:z-20
            after:bg-default after:opacity-15 after:transition-opacity
            group-hover/card:after:opacity-0
          "
                >
                  <div
                    class="
        relative
        after:absolute after:top-0 after:left-0 after:z-20 after:block
        after:size-full after:rounded-[2.5px] after:bg-[url(/assets/spot.png)]
        after:bg-size-[100%_100%] after:mix-blend-soft-light
        max-w-[200px]
      "
                  >
                    <div
                      class="
          relative z-10
          before:absolute before:top-0 before:left-0 before:z-10 before:block
          before:size-full before:rounded-[2.5px]
          before:bg-[url(/assets/spine-light.png)] before:bg-size-[100%_100%]
          after:absolute after:top-0 after:left-0 after:z-10 after:block
          after:size-full after:rounded-[2.5px]
          after:bg-[url(/assets/spine-dark.png)] after:bg-size-[100%_100%]
          after:mix-blend-multiply
        "
                    >
                      <img
                        alt=""
                        class="
            rounded-[2.5px] bg-default shadow-sm
            @min-[160px]:shadow-lg
          "
                        decoding="async"
                        height="372"
                        loading="eager"
                        sizes="(min-width: 1860px) 200px, (min-width: 1440px) calc(9.75vw + 21px), (min-width: 1280px) calc(16.43vw - 59px), (min-width: 1040px) calc(6.36vw + 120px), (min-width: 960px) 200px, (min-width: 780px) calc(11.25vw + 94px), (min-width: 620px) 200px, (min-width: 460px) calc(25.71vw + 46px), calc(42.14vw - 12px)"
                        src="/_image/?href=%2Fcontent%2Fassets%2Fcovers%2Fthe-lonely-one-by-richard-laymon.png%3ForigWidth%3D500%26origHeight%3D667%26origFormat%3Dpng&w=248&h=331&q=80&f=avif"
                        srcset="/_image/?href=%2Fcontent%2Fassets%2Fcovers%2Fthe-lonely-one-by-richard-laymon.png%3ForigWidth%3D500%26origHeight%3D667%26origFormat%3Dpng&w=62&h=83&q=80&f=avif 62w, /_image/?href=%2Fcontent%2Fassets%2Fcovers%2Fthe-lonely-one-by-richard-laymon.png%3ForigWidth%3D500%26origHeight%3D667%26origFormat%3Dpng&w=124&h=166&q=80&f=avif 124w, /_image/?href=%2Fcontent%2Fassets%2Fcovers%2Fthe-lonely-one-by-richard-laymon.png%3ForigWidth%3D500%26origHeight%3D667%26origFormat%3Dpng&w=248&h=331&q=80&f=avif 248w, /_image/?href=%2Fcontent%2Fassets%2Fcovers%2Fthe-lonely-one-by-richard-laymon.png%3ForigWidth%3D500%26origHeight%3D667%26origFormat%3Dpng&w=496&h=662&q=80&f=avif 496w"
                        width="248"
                      />
                    </div>
                  </div>
                </div>
              </div>
              <div
                class="
          @container flex justify-center bg-default px-4 pb-8
          @min-[193px]:px-[clamp(4px,14cqw,32px)] @min-[193px]:pb-6
        "
              >
                <div
                  class="flex w-full max-w-[200px] flex-col px-1"
                >
                  <div
                    class="
              pt-3 font-sans text-xxs leading-4 font-light whitespace-nowrap
              text-subtle
              @min-[238px]:tracking-wide
            "
                  >
                    15 Feb 2025
                  </div>
                  <div
                    class="
              pt-2 text-base leading-5 font-medium
              tablet:pt-3
              @min-[238px]:pt-2 @min-[238px]:text-md
            "
                  >
                    <a
                      class="
                block
                after:absolute after:top-0 after:left-0 after:z-60
                after:size-full after:opacity-0
                hover:text-accent
              "
                      href="/reviews/the-lonely-one-by-richard-laymon/"
                      rel="canonical"
                    >
                      The Lonely One
                    </a>
                  </div>
                  <p
                    class="pt-1 font-sans text-xs leading-4 font-light text-subtle"
                  >
                    <span
                      class="
                hidden
                @min-[238px]:inline
              "
                    >
                      by 
                    </span>
                    <span>
                      Richard Laymon
                    </span>
                  </p>
                   
                  <picture>
                    <source
                      media="(prefers-color-scheme: dark)"
                      srcset="/svg/3-stars-dark.svg"
                    />
                    <img
                      alt="C+: 3 stars (out of 5)"
                      class="
              mt-2 h-3 w-15
              @min-[238px]:mt-2 @min-[238px]:h-[14px] @min-[238px]:w-[70px]
            "
                      height="16"
                      src="/svg/3-stars.svg"
                      width="80"
                    />
                  </picture>
                  <div
                    class="
              mt-auto pt-6 font-sans text-xxs leading-4 font-light text-subtle
              @min-[238px]:tracking-wide
            "
                  >
                    Short Story | 1985
                  </div>
                </div>
              </div>
            </li>
            <li
              class="
        group/card relative row-span-2 grid transform-gpu grid-rows-subgrid
        flex-col bg-default transition-transform
        has-[a:hover]:-translate-y-2 has-[a:hover]:drop-shadow-2xl
        tablet:flex tablet:w-[calc((100%_-_32px)_/_3)]
        tablet-landscape:w-[calc((100%_-_48px)_/_4)]
        laptop:w-[calc((100%_-_120px)_/_6)]
      "
            >
              <div
                class="
          @container z-10 flex justify-center self-end px-3 pt-6
          tablet:self-auto
          @min-[200px]:px-[clamp(4px,10cqw,32px)]
        "
              >
                <div
                  class="
            relative drop-shadow-md
            after:absolute after:inset-x-0 after:top-0 after:bottom-0 after:z-20
            after:bg-default after:opacity-15 after:transition-opacity
            group-hover/card:after:opacity-0
          "
                >
                  <div
                    class="
        relative
        after:absolute after:top-0 after:left-0 after:z-20 after:block
        after:size-full after:rounded-[2.5px] after:bg-[url(/assets/spot.png)]
        after:bg-size-[100%_100%] after:mix-blend-soft-light
        max-w-[200px]
      "
                  >
                    <div
                      class="
          relative z-10
          before:absolute before:top-0 before:left-0 before:z-10 before:block
          before:size-full before:rounded-[2.5px]
          before:bg-[url(/assets/spine-light.png)] before:bg-size-[100%_100%]
          after:absolute after:top-0 after:left-0 after:z-10 after:block
          after:size-full after:rounded-[2.5px]
          after:bg-[url(/assets/spine-dark.png)] after:bg-size-[100%_100%]
          after:mix-blend-multiply
        "
                    >
                      <img
                        alt=""
                        class="
            rounded-[2.5px] bg-default shadow-sm
            @min-[160px]:shadow-lg
          "
                        decoding="async"
                        height="372"
                        loading="lazy"
                        sizes="(min-width: 1860px) 200px, (min-width: 1440px) calc(9.75vw + 21px), (min-width: 1280px) calc(16.43vw - 59px), (min-width: 1040px) calc(6.36vw + 120px), (min-width: 960px) 200px, (min-width: 780px) calc(11.25vw + 94px), (min-width: 620px) 200px, (min-width: 460px) calc(25.71vw + 46px), calc(42.14vw - 12px)"
                        src="/_image/?href=%2Fcontent%2Fassets%2Fcovers%2Fghost-story-by-peter-straub.png%3ForigWidth%3D500%26origHeight%3D750%26origFormat%3Dpng&w=248&h=372&q=80&f=avif"
                        srcset="/_image/?href=%2Fcontent%2Fassets%2Fcovers%2Fghost-story-by-peter-straub.png%3ForigWidth%3D500%26origHeight%3D750%26origFormat%3Dpng&w=62&h=93&q=80&f=avif 62w, /_image/?href=%2Fcontent%2Fassets%2Fcovers%2Fghost-story-by-peter-straub.png%3ForigWidth%3D500%26origHeight%3D750%26origFormat%3Dpng&w=124&h=186&q=80&f=avif 124w, /_image/?href=%2Fcontent%2Fassets%2Fcovers%2Fghost-story-by-peter-straub.png%3ForigWidth%3D500%26origHeight%3D750%26origFormat%3Dpng&w=248&h=372&q=80&f=avif 248w, /_image/?href=%2Fcontent%2Fassets%2Fcovers%2Fghost-story-by-peter-straub.png%3ForigWidth%3D500%26origHeight%3D750%26origFormat%3Dpng&w=496&h=744&q=80&f=avif 496w"
                        width="248"
                      />
                    </div>
                  </div>
                </div>
              </div>
              <div
                class="
          @container flex justify-center bg-default px-4 pb-8
          @min-[193px]:px-[clamp(4px,14cqw,32px)] @min-[193px]:pb-6
        "
              >
                <div
                  class="flex w-full max-w-[200px] flex-col px-1"
                >
                  <div
                    class="
              pt-3 font-sans text-xxs leading-4 font-light whitespace-nowrap
              text-subtle
              @min-[238px]:tracking-wide
            "
                  >
                    01 Dec 2024
                  </div>
                  <div
                    class="
              pt-2 text-base leading-5 font-medium
              tablet:pt-3
              @min-[238px]:pt-2 @min-[238px]:text-md
            "
                  >
                    <a
                      class="
                block
                after:absolute after:top-0 after:left-0 after:z-60
                after:size-full after:opacity-0
                hover:text-accent
              "
                      href="/reviews/ghost-story-by-peter-straub/"
                      rel="canonical"
                    >
                      Ghost Story
                    </a>
                  </div>
                  <p
                    class="pt-1 font-sans text-xs leading-4 font-light text-subtle"
                  >
                    <span
                      class="
                hidden
                @min-[238px]:inline
              "
                    >
                      by 
                    </span>
                    <span>
                      Peter Straub
                    </span>
                  </p>
                   
                  <picture>
                    <source
                      media="(prefers-color-scheme: dark)"
                      srcset="/svg/4-stars-dark.svg"
                    />
                    <img
                      alt="B: 4 stars (out of 5)"
                      class="
              mt-2 h-3 w-15
              @min-[238px]:mt-2 @min-[238px]:h-[14px] @min-[238px]:w-[70px]
            "
                      height="16"
                      src="/svg/4-stars.svg"
                      width="80"
                    />
                  </picture>
                  <div
                    class="
              mt-auto pt-6 font-sans text-xxs leading-4 font-light text-subtle
              @min-[238px]:tracking-wide
            "
                  >
                    Novel | 1979
                  </div>
                </div>
              </div>
            </li>
            <li
              class="
        group/card relative row-span-2 grid transform-gpu grid-rows-subgrid
        flex-col bg-default transition-transform
        has-[a:hover]:-translate-y-2 has-[a:hover]:drop-shadow-2xl
        tablet:flex tablet:w-[calc((100%_-_32px)_/_3)]
        tablet-landscape:w-[calc((100%_-_48px)_/_4)]
        laptop:w-[calc((100%_-_120px)_/_6)]
      "
            >
              <div
                class="
          @container z-10 flex justify-center self-end px-3 pt-6
          tablet:self-auto
          @min-[200px]:px-[clamp(4px,10cqw,32px)]
        "
              >
                <div
                  class="
            relative drop-shadow-md
            after:absolute after:inset-x-0 after:top-0 after:bottom-0 after:z-20
            after:bg-default after:opacity-15 after:transition-opacity
            group-hover/card:after:opacity-0
          "
                >
                  <div
                    class="
        relative
        after:absolute after:top-0 after:left-0 after:z-20 after:block
        after:size-full after:rounded-[2.5px] after:bg-[url(/assets/spot.png)]
        after:bg-size-[100%_100%] after:mix-blend-soft-light
        max-w-[200px]
      "
                  >
                    <div
                      class="
          relative z-10
          before:absolute before:top-0 before:left-0 before:z-10 before:block
          before:size-full before:rounded-[2.5px]
          before:bg-[url(/assets/spine-light.png)] before:bg-size-[100%_100%]
          after:absolute after:top-0 after:left-0 after:z-10 after:block
          after:size-full after:rounded-[2.5px]
          after:bg-[url(/assets/spine-dark.png)] after:bg-size-[100%_100%]
          after:mix-blend-multiply
        "
                    >
                      <img
                        alt=""
                        class="
            rounded-[2.5px] bg-default shadow-sm
            @min-[160px]:shadow-lg
          "
                        decoding="async"
                        height="372"
                        loading="lazy"
                        sizes="(min-width: 1860px) 200px, (min-width: 1440px) calc(9.75vw + 21px), (min-width: 1280px) calc(16.43vw - 59px), (min-width: 1040px) calc(6.36vw + 120px), (min-width: 960px) 200px, (min-width: 780px) calc(11.25vw + 94px), (min-width: 620px) 200px, (min-width: 460px) calc(25.71vw + 46px), calc(42.14vw - 12px)"
                        src="/_image/?href=%2Fcontent%2Fassets%2Fcovers%2Fgoth-by-lol-tolhurst.png%3ForigWidth%3D500%26origHeight%3D754%26origFormat%3Dpng&w=248&h=374&q=80&f=avif"
                        srcset="/_image/?href=%2Fcontent%2Fassets%2Fcovers%2Fgoth-by-lol-tolhurst.png%3ForigWidth%3D500%26origHeight%3D754%26origFormat%3Dpng&w=62&h=94&q=80&f=avif 62w, /_image/?href=%2Fcontent%2Fassets%2Fcovers%2Fgoth-by-lol-tolhurst.png%3ForigWidth%3D500%26origHeight%3D754%26origFormat%3Dpng&w=124&h=187&q=80&f=avif 124w, /_image/?href=%2Fcontent%2Fassets%2Fcovers%2Fgoth-by-lol-tolhurst.png%3ForigWidth%3D500%26origHeight%3D754%26origFormat%3Dpng&w=248&h=374&q=80&f=avif 248w, /_image/?href=%2Fcontent%2Fassets%2Fcovers%2Fgoth-by-lol-tolhurst.png%3ForigWidth%3D500%26origHeight%3D754%26origFormat%3Dpng&w=496&h=748&q=80&f=avif 496w"
                        width="248"
                      />
                    </div>
                  </div>
                </div>
              </div>
              <div
                class="
          @container flex justify-center bg-default px-4 pb-8
          @min-[193px]:px-[clamp(4px,14cqw,32px)] @min-[193px]:pb-6
        "
              >
                <div
                  class="flex w-full max-w-[200px] flex-col px-1"
                >
                  <div
                    class="
              pt-3 font-sans text-xxs leading-4 font-light whitespace-nowrap
              text-subtle
              @min-[238px]:tracking-wide
            "
                  >
                    08 Nov 2024
                  </div>
                  <div
                    class="
              pt-2 text-base leading-5 font-medium
              tablet:pt-3
              @min-[238px]:pt-2 @min-[238px]:text-md
            "
                  >
                    <a
                      class="
                block
                after:absolute after:top-0 after:left-0 after:z-60
                after:size-full after:opacity-0
                hover:text-accent
              "
                      href="/reviews/goth-by-lol-tolhurst/"
                      rel="canonical"
                    >
                      Goth
                    </a>
                  </div>
                  <p
                    class="pt-1 font-sans text-xs leading-4 font-light text-subtle"
                  >
                    <span
                      class="
                hidden
                @min-[238px]:inline
              "
                    >
                      by 
                    </span>
                    <span>
                      Lol Tolhurst
                    </span>
                  </p>
                   
                  <picture>
                    <source
                      media="(prefers-color-scheme: dark)"
                      srcset="/svg/3-stars-dark.svg"
                    />
                    <img
                      alt="C: 3 stars (out of 5)"
                      class="
              mt-2 h-3 w-15
              @min-[238px]:mt-2 @min-[238px]:h-[14px] @min-[238px]:w-[70px]
            "
                      height="16"
                      src="/svg/3-stars.svg"
                      width="80"
                    />
                  </picture>
                  <div
                    class="
              mt-auto pt-6 font-sans text-xxs leading-4 font-light text-subtle
              @min-[238px]:tracking-wide
            "
                  >
                    Nonfiction | 2023
                  </div>
                </div>
              </div>
            </li>
            <li
              class="
        group/card relative row-span-2 grid transform-gpu grid-rows-subgrid
        flex-col bg-default transition-transform
        has-[a:hover]:-translate-y-2 has-[a:hover]:drop-shadow-2xl
        tablet:flex tablet:w-[calc((100%_-_32px)_/_3)]
        tablet-landscape:w-[calc((100%_-_48px)_/_4)]
        laptop:w-[calc((100%_-_120px)_/_6)]
      "
            >
              <div
                class="
          @container z-10 flex justify-center self-end px-3 pt-6
          tablet:self-auto
          @min-[200px]:px-[clamp(4px,10cqw,32px)]
        "
              >
                <div
                  class="
            relative drop-shadow-md
            after:absolute after:inset-x-0 after:top-0 after:bottom-0 after:z-20
            after:bg-default after:opacity-15 after:transition-opacity
            group-hover/card:after:opacity-0
          "
                >
                  <div
                    class="
        relative
        after:absolute after:top-0 after:left-0 after:z-20 after:block
        after:size-full after:rounded-[2.5px] after:bg-[url(/assets/spot.png)]
        after:bg-size-[100%_100%] after:mix-blend-soft-light
        max-w-[200px]
      "
                  >
                    <div
                      class="
          relative z-10
          before:absolute before:top-0 before:left-0 before:z-10 before:block
          before:size-full before:rounded-[2.5px]
          before:bg-[url(/assets/spine-light.png)] before:bg-size-[100%_100%]
          after:absolute after:top-0 after:left-0 after:z-10 after:block
          after:size-full after:rounded-[2.5px]
          after:bg-[url(/assets/spine-dark.png)] after:bg-size-[100%_100%]
          after:mix-blend-multiply
        "
                    >
                      <img
                        alt=""
                        class="
            rounded-[2.5px] bg-default shadow-sm
            @min-[160px]:shadow-lg
          "
                        decoding="async"
                        height="372"
                        loading="lazy"
                        sizes="(min-width: 1860px) 200px, (min-width: 1440px) calc(9.75vw + 21px), (min-width: 1280px) calc(16.43vw - 59px), (min-width: 1040px) calc(6.36vw + 120px), (min-width: 960px) 200px, (min-width: 780px) calc(11.25vw + 94px), (min-width: 620px) 200px, (min-width: 460px) calc(25.71vw + 46px), calc(42.14vw - 12px)"
                        src="/_image/?href=%2Fcontent%2Fassets%2Fcovers%2Frecessional-by-david-mamet.png%3ForigWidth%3D500%26origHeight%3D754%26origFormat%3Dpng&w=248&h=374&q=80&f=avif"
                        srcset="/_image/?href=%2Fcontent%2Fassets%2Fcovers%2Frecessional-by-david-mamet.png%3ForigWidth%3D500%26origHeight%3D754%26origFormat%3Dpng&w=62&h=94&q=80&f=avif 62w, /_image/?href=%2Fcontent%2Fassets%2Fcovers%2Frecessional-by-david-mamet.png%3ForigWidth%3D500%26origHeight%3D754%26origFormat%3Dpng&w=124&h=187&q=80&f=avif 124w, /_image/?href=%2Fcontent%2Fassets%2Fcovers%2Frecessional-by-david-mamet.png%3ForigWidth%3D500%26origHeight%3D754%26origFormat%3Dpng&w=248&h=374&q=80&f=avif 248w, /_image/?href=%2Fcontent%2Fassets%2Fcovers%2Frecessional-by-david-mamet.png%3ForigWidth%3D500%26origHeight%3D754%26origFormat%3Dpng&w=496&h=748&q=80&f=avif 496w"
                        width="248"
                      />
                    </div>
                  </div>
                </div>
              </div>
              <div
                class="
          @container flex justify-center bg-default px-4 pb-8
          @min-[193px]:px-[clamp(4px,14cqw,32px)] @min-[193px]:pb-6
        "
              >
                <div
                  class="flex w-full max-w-[200px] flex-col px-1"
                >
                  <div
                    class="
              pt-3 font-sans text-xxs leading-4 font-light whitespace-nowrap
              text-subtle
              @min-[238px]:tracking-wide
            "
                  >
                    25 Aug 2024
                  </div>
                  <div
                    class="
              pt-2 text-base leading-5 font-medium
              tablet:pt-3
              @min-[238px]:pt-2 @min-[238px]:text-md
            "
                  >
                    <a
                      class="
                block
                after:absolute after:top-0 after:left-0 after:z-60
                after:size-full after:opacity-0
                hover:text-accent
              "
                      href="/reviews/recessional-by-david-mamet/"
                      rel="canonical"
                    >
                      Recessional
                    </a>
                  </div>
                  <p
                    class="pt-1 font-sans text-xs leading-4 font-light text-subtle"
                  >
                    <span
                      class="
                hidden
                @min-[238px]:inline
              "
                    >
                      by 
                    </span>
                    <span>
                      David Mamet
                    </span>
                  </p>
                   
                  <picture>
                    <source
                      media="(prefers-color-scheme: dark)"
                      srcset="/svg/2-stars-dark.svg"
                    />
                    <img
                      alt="D: 2 stars (out of 5)"
                      class="
              mt-2 h-3 w-15
              @min-[238px]:mt-2 @min-[238px]:h-[14px] @min-[238px]:w-[70px]
            "
                      height="16"
                      src="/svg/2-stars.svg"
                      width="80"
                    />
                  </picture>
                  <div
                    class="
              mt-auto pt-6 font-sans text-xxs leading-4 font-light text-subtle
              @min-[238px]:tracking-wide
            "
                  >
                    Nonfiction | 2022
                  </div>
                </div>
              </div>
            </li>
            <li
              class="
        group/card relative row-span-2 grid transform-gpu grid-rows-subgrid
        flex-col bg-default transition-transform
        has-[a:hover]:-translate-y-2 has-[a:hover]:drop-shadow-2xl
        tablet:flex tablet:w-[calc((100%_-_32px)_/_3)]
        tablet-landscape:w-[calc((100%_-_48px)_/_4)]
        laptop:w-[calc((100%_-_120px)_/_6)]
      "
            >
              <div
                class="
          @container z-10 flex justify-center self-end px-3 pt-6
          tablet:self-auto
          @min-[200px]:px-[clamp(4px,10cqw,32px)]
        "
              >
                <div
                  class="
            relative drop-shadow-md
            after:absolute after:inset-x-0 after:top-0 after:bottom-0 after:z-20
            after:bg-default after:opacity-15 after:transition-opacity
            group-hover/card:after:opacity-0
          "
                >
                  <div
                    class="
        relative
        after:absolute after:top-0 after:left-0 after:z-20 after:block
        after:size-full after:rounded-[2.5px] after:bg-[url(/assets/spot.png)]
        after:bg-size-[100%_100%] after:mix-blend-soft-light
        max-w-[200px]
      "
                  >
                    <div
                      class="
          relative z-10
          before:absolute before:top-0 before:left-0 before:z-10 before:block
          before:size-full before:rounded-[2.5px]
          before:bg-[url(/assets/spine-light.png)] before:bg-size-[100%_100%]
          after:absolute after:top-0 after:left-0 after:z-10 after:block
          after:size-full after:rounded-[2.5px]
          after:bg-[url(/assets/spine-dark.png)] after:bg-size-[100%_100%]
          after:mix-blend-multiply
        "
                    >
                      <img
                        alt=""
                        class="
            rounded-[2.5px] bg-default shadow-sm
            @min-[160px]:shadow-lg
          "
                        decoding="async"
                        height="372"
                        loading="lazy"
                        sizes="(min-width: 1860px) 200px, (min-width: 1440px) calc(9.75vw + 21px), (min-width: 1280px) calc(16.43vw - 59px), (min-width: 1040px) calc(6.36vw + 120px), (min-width: 960px) 200px, (min-width: 780px) calc(11.25vw + 94px), (min-width: 620px) 200px, (min-width: 460px) calc(25.71vw + 46px), calc(42.14vw - 12px)"
                        src="/_image/?href=%2Fcontent%2Fassets%2Fcovers%2Ffast-forward-by-stephen-morris.png%3ForigWidth%3D500%26origHeight%3D784%26origFormat%3Dpng&w=248&h=389&q=80&f=avif"
                        srcset="/_image/?href=%2Fcontent%2Fassets%2Fcovers%2Ffast-forward-by-stephen-morris.png%3ForigWidth%3D500%26origHeight%3D784%26origFormat%3Dpng&w=62&h=97&q=80&f=avif 62w, /_image/?href=%2Fcontent%2Fassets%2Fcovers%2Ffast-forward-by-stephen-morris.png%3ForigWidth%3D500%26origHeight%3D784%26origFormat%3Dpng&w=124&h=195&q=80&f=avif 124w, /_image/?href=%2Fcontent%2Fassets%2Fcovers%2Ffast-forward-by-stephen-morris.png%3ForigWidth%3D500%26origHeight%3D784%26origFormat%3Dpng&w=248&h=389&q=80&f=avif 248w, /_image/?href=%2Fcontent%2Fassets%2Fcovers%2Ffast-forward-by-stephen-morris.png%3ForigWidth%3D500%26origHeight%3D784%26origFormat%3Dpng&w=496&h=778&q=80&f=avif 496w"
                        width="248"
                      />
                    </div>
                  </div>
                </div>
              </div>
              <div
                class="
          @container flex justify-center bg-default px-4 pb-8
          @min-[193px]:px-[clamp(4px,14cqw,32px)] @min-[193px]:pb-6
        "
              >
                <div
                  class="flex w-full max-w-[200px] flex-col px-1"
                >
                  <div
                    class="
              pt-3 font-sans text-xxs leading-4 font-light whitespace-nowrap
              text-subtle
              @min-[238px]:tracking-wide
            "
                  >
                    01 Jul 2024
                  </div>
                  <div
                    class="
              pt-2 text-base leading-5 font-medium
              tablet:pt-3
              @min-[238px]:pt-2 @min-[238px]:text-md
            "
                  >
                    <a
                      class="
                block
                after:absolute after:top-0 after:left-0 after:z-60
                after:size-full after:opacity-0
                hover:text-accent
              "
                      href="/reviews/fast-forward-by-stephen-morris/"
                      rel="canonical"
                    >
                      Fast Forward
                    </a>
                  </div>
                  <p
                    class="pt-1 font-sans text-xs leading-4 font-light text-subtle"
                  >
                    <span
                      class="
                hidden
                @min-[238px]:inline
              "
                    >
                      by 
                    </span>
                    <span>
                      Stephen Morris
                    </span>
                  </p>
                   
                  <picture>
                    <source
                      media="(prefers-color-scheme: dark)"
                      srcset="/svg/4-half-stars-dark.svg"
                    />
                    <img
                      alt="A-: 4.5 stars (out of 5)"
                      class="
              mt-2 h-3 w-15
              @min-[238px]:mt-2 @min-[238px]:h-[14px] @min-[238px]:w-[70px]
            "
                      height="16"
                      src="/svg/4-half-stars.svg"
                      width="80"
                    />
                  </picture>
                  <div
                    class="
              mt-auto pt-6 font-sans text-xxs leading-4 font-light text-subtle
              @min-[238px]:tracking-wide
            "
                  >
                    Nonfiction | 2020
                  </div>
                </div>
              </div>
            </li>
            <li
              class="
        group/card relative row-span-2 grid transform-gpu grid-rows-subgrid
        flex-col bg-default transition-transform
        has-[a:hover]:-translate-y-2 has-[a:hover]:drop-shadow-2xl
        tablet:flex tablet:w-[calc((100%_-_32px)_/_3)]
        tablet-landscape:w-[calc((100%_-_48px)_/_4)]
        laptop:w-[calc((100%_-_120px)_/_6)]
      "
            >
              <div
                class="
          @container z-10 flex justify-center self-end px-3 pt-6
          tablet:self-auto
          @min-[200px]:px-[clamp(4px,10cqw,32px)]
        "
              >
                <div
                  class="
            relative drop-shadow-md
            after:absolute after:inset-x-0 after:top-0 after:bottom-0 after:z-20
            after:bg-default after:opacity-15 after:transition-opacity
            group-hover/card:after:opacity-0
          "
                >
                  <div
                    class="
        relative
        after:absolute after:top-0 after:left-0 after:z-20 after:block
        after:size-full after:rounded-[2.5px] after:bg-[url(/assets/spot.png)]
        after:bg-size-[100%_100%] after:mix-blend-soft-light
        max-w-[200px]
      "
                  >
                    <div
                      class="
          relative z-10
          before:absolute before:top-0 before:left-0 before:z-10 before:block
          before:size-full before:rounded-[2.5px]
          before:bg-[url(/assets/spine-light.png)] before:bg-size-[100%_100%]
          after:absolute after:top-0 after:left-0 after:z-10 after:block
          after:size-full after:rounded-[2.5px]
          after:bg-[url(/assets/spine-dark.png)] after:bg-size-[100%_100%]
          after:mix-blend-multiply
        "
                    >
                      <img
                        alt=""
                        class="
            rounded-[2.5px] bg-default shadow-sm
            @min-[160px]:shadow-lg
          "
                        decoding="async"
                        height="372"
                        loading="lazy"
                        sizes="(min-width: 1860px) 200px, (min-width: 1440px) calc(9.75vw + 21px), (min-width: 1280px) calc(16.43vw - 59px), (min-width: 1040px) calc(6.36vw + 120px), (min-width: 960px) 200px, (min-width: 780px) calc(11.25vw + 94px), (min-width: 620px) 200px, (min-width: 460px) calc(25.71vw + 46px), calc(42.14vw - 12px)"
                        src="/_image/?href=%2Fcontent%2Fassets%2Fcovers%2Fgothic-by-philip-fracassi.png%3ForigWidth%3D500%26origHeight%3D750%26origFormat%3Dpng&w=248&h=372&q=80&f=avif"
                        srcset="/_image/?href=%2Fcontent%2Fassets%2Fcovers%2Fgothic-by-philip-fracassi.png%3ForigWidth%3D500%26origHeight%3D750%26origFormat%3Dpng&w=62&h=93&q=80&f=avif 62w, /_image/?href=%2Fcontent%2Fassets%2Fcovers%2Fgothic-by-philip-fracassi.png%3ForigWidth%3D500%26origHeight%3D750%26origFormat%3Dpng&w=124&h=186&q=80&f=avif 124w, /_image/?href=%2Fcontent%2Fassets%2Fcovers%2Fgothic-by-philip-fracassi.png%3ForigWidth%3D500%26origHeight%3D750%26origFormat%3Dpng&w=248&h=372&q=80&f=avif 248w, /_image/?href=%2Fcontent%2Fassets%2Fcovers%2Fgothic-by-philip-fracassi.png%3ForigWidth%3D500%26origHeight%3D750%26origFormat%3Dpng&w=496&h=744&q=80&f=avif 496w"
                        width="248"
                      />
                    </div>
                  </div>
                </div>
              </div>
              <div
                class="
          @container flex justify-center bg-default px-4 pb-8
          @min-[193px]:px-[clamp(4px,14cqw,32px)] @min-[193px]:pb-6
        "
              >
                <div
                  class="flex w-full max-w-[200px] flex-col px-1"
                >
                  <div
                    class="
              pt-3 font-sans text-xxs leading-4 font-light whitespace-nowrap
              text-subtle
              @min-[238px]:tracking-wide
            "
                  >
                    30 Jun 2024
                  </div>
                  <div
                    class="
              pt-2 text-base leading-5 font-medium
              tablet:pt-3
              @min-[238px]:pt-2 @min-[238px]:text-md
            "
                  >
                    <a
                      class="
                block
                after:absolute after:top-0 after:left-0 after:z-60
                after:size-full after:opacity-0
                hover:text-accent
              "
                      href="/reviews/gothic-by-philip-fracassi/"
                      rel="canonical"
                    >
                      Gothic
                    </a>
                  </div>
                  <p
                    class="pt-1 font-sans text-xs leading-4 font-light text-subtle"
                  >
                    <span
                      class="
                hidden
                @min-[238px]:inline
              "
                    >
                      by 
                    </span>
                    <span>
                      Philip Fracassi
                    </span>
                  </p>
                   
                  <picture>
                    <source
                      media="(prefers-color-scheme: dark)"
                      srcset="/svg/4-stars-dark.svg"
                    />
                    <img
                      alt="B+: 4 stars (out of 5)"
                      class="
              mt-2 h-3 w-15
              @min-[238px]:mt-2 @min-[238px]:h-[14px] @min-[238px]:w-[70px]
            "
                      height="16"
                      src="/svg/4-stars.svg"
                      width="80"
                    />
                  </picture>
                  <div
                    class="
              mt-auto pt-6 font-sans text-xxs leading-4 font-light text-subtle
              @min-[238px]:tracking-wide
            "
                  >
                    Novel | 2023
                  </div>
                </div>
              </div>
            </li>
            <li
              class="
        group/card relative row-span-2 grid transform-gpu grid-rows-subgrid
        flex-col bg-default transition-transform
        has-[a:hover]:-translate-y-2 has-[a:hover]:drop-shadow-2xl
        tablet:flex tablet:w-[calc((100%_-_32px)_/_3)]
        tablet-landscape:w-[calc((100%_-_48px)_/_4)]
        laptop:w-[calc((100%_-_120px)_/_6)]
      "
            >
              <div
                class="
          @container z-10 flex justify-center self-end px-3 pt-6
          tablet:self-auto
          @min-[200px]:px-[clamp(4px,10cqw,32px)]
        "
              >
                <div
                  class="
            relative drop-shadow-md
            after:absolute after:inset-x-0 after:top-0 after:bottom-0 after:z-20
            after:bg-default after:opacity-15 after:transition-opacity
            group-hover/card:after:opacity-0
          "
                >
                  <div
                    class="
        relative
        after:absolute after:top-0 after:left-0 after:z-20 after:block
        after:size-full after:rounded-[2.5px] after:bg-[url(/assets/spot.png)]
        after:bg-size-[100%_100%] after:mix-blend-soft-light
        max-w-[200px]
      "
                  >
                    <div
                      class="
          relative z-10
          before:absolute before:top-0 before:left-0 before:z-10 before:block
          before:size-full before:rounded-[2.5px]
          before:bg-[url(/assets/spine-light.png)] before:bg-size-[100%_100%]
          after:absolute after:top-0 after:left-0 after:z-10 after:block
          after:size-full after:rounded-[2.5px]
          after:bg-[url(/assets/spine-dark.png)] after:bg-size-[100%_100%]
          after:mix-blend-multiply
        "
                    >
                      <img
                        alt=""
                        class="
            rounded-[2.5px] bg-default shadow-sm
            @min-[160px]:shadow-lg
          "
                        decoding="async"
                        height="372"
                        loading="lazy"
                        sizes="(min-width: 1860px) 200px, (min-width: 1440px) calc(9.75vw + 21px), (min-width: 1280px) calc(16.43vw - 59px), (min-width: 1040px) calc(6.36vw + 120px), (min-width: 960px) 200px, (min-width: 780px) calc(11.25vw + 94px), (min-width: 620px) 200px, (min-width: 460px) calc(25.71vw + 46px), calc(42.14vw - 12px)"
                        src="/_image/?href=%2Fcontent%2Fassets%2Fcovers%2Frecord-play-pause-by-stephen-morris.png%3ForigWidth%3D500%26origHeight%3D786%26origFormat%3Dpng&w=248&h=390&q=80&f=avif"
                        srcset="/_image/?href=%2Fcontent%2Fassets%2Fcovers%2Frecord-play-pause-by-stephen-morris.png%3ForigWidth%3D500%26origHeight%3D786%26origFormat%3Dpng&w=62&h=98&q=80&f=avif 62w, /_image/?href=%2Fcontent%2Fassets%2Fcovers%2Frecord-play-pause-by-stephen-morris.png%3ForigWidth%3D500%26origHeight%3D786%26origFormat%3Dpng&w=124&h=195&q=80&f=avif 124w, /_image/?href=%2Fcontent%2Fassets%2Fcovers%2Frecord-play-pause-by-stephen-morris.png%3ForigWidth%3D500%26origHeight%3D786%26origFormat%3Dpng&w=248&h=390&q=80&f=avif 248w, /_image/?href=%2Fcontent%2Fassets%2Fcovers%2Frecord-play-pause-by-stephen-morris.png%3ForigWidth%3D500%26origHeight%3D786%26origFormat%3Dpng&w=496&h=780&q=80&f=avif 496w"
                        width="248"
                      />
                    </div>
                  </div>
                </div>
              </div>
              <div
                class="
          @container flex justify-center bg-default px-4 pb-8
          @min-[193px]:px-[clamp(4px,14cqw,32px)] @min-[193px]:pb-6
        "
              >
                <div
                  class="flex w-full max-w-[200px] flex-col px-1"
                >
                  <div
                    class="
              pt-3 font-sans text-xxs leading-4 font-light whitespace-nowrap
              text-subtle
              @min-[238px]:tracking-wide
            "
                  >
                    11 Nov 2023
                  </div>
                  <div
                    class="
              pt-2 text-base leading-5 font-medium
              tablet:pt-3
              @min-[238px]:pt-2 @min-[238px]:text-md
            "
                  >
                    <a
                      class="
                block
                after:absolute after:top-0 after:left-0 after:z-60
                after:size-full after:opacity-0
                hover:text-accent
              "
                      href="/reviews/record-play-pause-by-stephen-morris/"
                      rel="canonical"
                    >
                      Record Play Pause
                    </a>
                  </div>
                  <p
                    class="pt-1 font-sans text-xs leading-4 font-light text-subtle"
                  >
                    <span
                      class="
                hidden
                @min-[238px]:inline
              "
                    >
                      by 
                    </span>
                    <span>
                      Stephen Morris
                    </span>
                  </p>
                   
                  <picture>
                    <source
                      media="(prefers-color-scheme: dark)"
                      srcset="/svg/5-stars-dark.svg"
                    />
                    <img
                      alt="A: 5 stars (out of 5)"
                      class="
              mt-2 h-3 w-15
              @min-[238px]:mt-2 @min-[238px]:h-[14px] @min-[238px]:w-[70px]
            "
                      height="16"
                      src="/svg/5-stars.svg"
                      width="80"
                    />
                  </picture>
                  <div
                    class="
              mt-auto pt-6 font-sans text-xxs leading-4 font-light text-subtle
              @min-[238px]:tracking-wide
            "
                  >
                    Nonfiction | 2019
                  </div>
                </div>
              </div>
            </li>
            <li
              class="
        group/card relative row-span-2 grid transform-gpu grid-rows-subgrid
        flex-col bg-default transition-transform
        has-[a:hover]:-translate-y-2 has-[a:hover]:drop-shadow-2xl
        tablet:flex tablet:w-[calc((100%_-_32px)_/_3)]
        tablet-landscape:w-[calc((100%_-_48px)_/_4)]
        laptop:w-[calc((100%_-_120px)_/_6)]
      "
            >
              <div
                class="
          @container z-10 flex justify-center self-end px-3 pt-6
          tablet:self-auto
          @min-[200px]:px-[clamp(4px,10cqw,32px)]
        "
              >
                <div
                  class="
            relative drop-shadow-md
            after:absolute after:inset-x-0 after:top-0 after:bottom-0 after:z-20
            after:bg-default after:opacity-15 after:transition-opacity
            group-hover/card:after:opacity-0
          "
                >
                  <div
                    class="
        relative
        after:absolute after:top-0 after:left-0 after:z-20 after:block
        after:size-full after:rounded-[2.5px] after:bg-[url(/assets/spot.png)]
        after:bg-size-[100%_100%] after:mix-blend-soft-light
        max-w-[200px]
      "
                  >
                    <div
                      class="
          relative z-10
          before:absolute before:top-0 before:left-0 before:z-10 before:block
          before:size-full before:rounded-[2.5px]
          before:bg-[url(/assets/spine-light.png)] before:bg-size-[100%_100%]
          after:absolute after:top-0 after:left-0 after:z-10 after:block
          after:size-full after:rounded-[2.5px]
          after:bg-[url(/assets/spine-dark.png)] after:bg-size-[100%_100%]
          after:mix-blend-multiply
        "
                    >
                      <img
                        alt=""
                        class="
            rounded-[2.5px] bg-default shadow-sm
            @min-[160px]:shadow-lg
          "
                        decoding="async"
                        height="372"
                        loading="lazy"
                        sizes="(min-width: 1860px) 200px, (min-width: 1440px) calc(9.75vw + 21px), (min-width: 1280px) calc(16.43vw - 59px), (min-width: 1040px) calc(6.36vw + 120px), (min-width: 960px) 200px, (min-width: 780px) calc(11.25vw + 94px), (min-width: 620px) 200px, (min-width: 460px) calc(25.71vw + 46px), calc(42.14vw - 12px)"
                        src="/_image/?href=%2Fcontent%2Fassets%2Fcovers%2Ffright-night-origins-by-tom-holland-a-jack-ulrich.png%3ForigWidth%3D500%26origHeight%3D750%26origFormat%3Dpng&w=248&h=372&q=80&f=avif"
                        srcset="/_image/?href=%2Fcontent%2Fassets%2Fcovers%2Ffright-night-origins-by-tom-holland-a-jack-ulrich.png%3ForigWidth%3D500%26origHeight%3D750%26origFormat%3Dpng&w=62&h=93&q=80&f=avif 62w, /_image/?href=%2Fcontent%2Fassets%2Fcovers%2Ffright-night-origins-by-tom-holland-a-jack-ulrich.png%3ForigWidth%3D500%26origHeight%3D750%26origFormat%3Dpng&w=124&h=186&q=80&f=avif 124w, /_image/?href=%2Fcontent%2Fassets%2Fcovers%2Ffright-night-origins-by-tom-holland-a-jack-ulrich.png%3ForigWidth%3D500%26origHeight%3D750%26origFormat%3Dpng&w=248&h=372&q=80&f=avif 248w, /_image/?href=%2Fcontent%2Fassets%2Fcovers%2Ffright-night-origins-by-tom-holland-a-jack-ulrich.png%3ForigWidth%3D500%26origHeight%3D750%26origFormat%3Dpng&w=496&h=744&q=80&f=avif 496w"
                        width="248"
                      />
                    </div>
                  </div>
                </div>
              </div>
              <div
                class="
          @container flex justify-center bg-default px-4 pb-8
          @min-[193px]:px-[clamp(4px,14cqw,32px)] @min-[193px]:pb-6
        "
              >
                <div
                  class="flex w-full max-w-[200px] flex-col px-1"
                >
                  <div
                    class="
              pt-3 font-sans text-xxs leading-4 font-light whitespace-nowrap
              text-subtle
              @min-[238px]:tracking-wide
            "
                  >
                    06 Nov 2023
                  </div>
                  <div
                    class="
              pt-2 text-base leading-5 font-medium
              tablet:pt-3
              @min-[238px]:pt-2 @min-[238px]:text-md
            "
                  >
                    <a
                      class="
                block
                after:absolute after:top-0 after:left-0 after:z-60
                after:size-full after:opacity-0
                hover:text-accent
              "
                      href="/reviews/fright-night-origins-by-tom-holland-a-jack-ulrich/"
                      rel="canonical"
                    >
                      Fright Night Origins
                    </a>
                  </div>
                  <p
                    class="pt-1 font-sans text-xs leading-4 font-light text-subtle"
                  >
                    <span
                      class="
                hidden
                @min-[238px]:inline
              "
                    >
                      by 
                    </span>
                    <span>
                      Tom Holland
                    </span>
                     and 
                    <span>
                      A. Jack Ulrich
                    </span>
                  </p>
                   
                  <picture>
                    <source
                      media="(prefers-color-scheme: dark)"
                      srcset="/svg/3-stars-dark.svg"
                    />
                    <img
                      alt="C+: 3 stars (out of 5)"
                      class="
              mt-2 h-3 w-15
              @min-[238px]:mt-2 @min-[238px]:h-[14px] @min-[238px]:w-[70px]
            "
                      height="16"
                      src="/svg/3-stars.svg"
                      width="80"
                    />
                  </picture>
                  <div
                    class="
              mt-auto pt-6 font-sans text-xxs leading-4 font-light text-subtle
              @min-[238px]:tracking-wide
            "
                  >
                    Novel | 2023
                  </div>
                </div>
              </div>
            </li>
            <li
              class="
        group/card relative row-span-2 grid transform-gpu grid-rows-subgrid
        flex-col bg-default transition-transform
        has-[a:hover]:-translate-y-2 has-[a:hover]:drop-shadow-2xl
        tablet:flex tablet:w-[calc((100%_-_32px)_/_3)]
        tablet-landscape:w-[calc((100%_-_48px)_/_4)]
        laptop:w-[calc((100%_-_120px)_/_6)]
      "
            >
              <div
                class="
          @container z-10 flex justify-center self-end px-3 pt-6
          tablet:self-auto
          @min-[200px]:px-[clamp(4px,10cqw,32px)]
        "
              >
                <div
                  class="
            relative drop-shadow-md
            after:absolute after:inset-x-0 after:top-0 after:bottom-0 after:z-20
            after:bg-default after:opacity-15 after:transition-opacity
            group-hover/card:after:opacity-0
          "
                >
                  <div
                    class="
        relative
        after:absolute after:top-0 after:left-0 after:z-20 after:block
        after:size-full after:rounded-[2.5px] after:bg-[url(/assets/spot.png)]
        after:bg-size-[100%_100%] after:mix-blend-soft-light
        max-w-[200px]
      "
                  >
                    <div
                      class="
          relative z-10
          before:absolute before:top-0 before:left-0 before:z-10 before:block
          before:size-full before:rounded-[2.5px]
          before:bg-[url(/assets/spine-light.png)] before:bg-size-[100%_100%]
          after:absolute after:top-0 after:left-0 after:z-10 after:block
          after:size-full after:rounded-[2.5px]
          after:bg-[url(/assets/spine-dark.png)] after:bg-size-[100%_100%]
          after:mix-blend-multiply
        "
                    >
                      <img
                        alt=""
                        class="
            rounded-[2.5px] bg-default shadow-sm
            @min-[160px]:shadow-lg
          "
                        decoding="async"
                        height="372"
                        loading="lazy"
                        sizes="(min-width: 1860px) 200px, (min-width: 1440px) calc(9.75vw + 21px), (min-width: 1280px) calc(16.43vw - 59px), (min-width: 1040px) calc(6.36vw + 120px), (min-width: 960px) 200px, (min-width: 780px) calc(11.25vw + 94px), (min-width: 620px) 200px, (min-width: 460px) calc(25.71vw + 46px), calc(42.14vw - 12px)"
                        src="/_image/?href=%2Fcontent%2Fassets%2Fcovers%2Fdont-let-them-get-you-down-by-philip-fracassi.png%3ForigWidth%3D500%26origHeight%3D750%26origFormat%3Dpng&w=248&h=372&q=80&f=avif"
                        srcset="/_image/?href=%2Fcontent%2Fassets%2Fcovers%2Fdont-let-them-get-you-down-by-philip-fracassi.png%3ForigWidth%3D500%26origHeight%3D750%26origFormat%3Dpng&w=62&h=93&q=80&f=avif 62w, /_image/?href=%2Fcontent%2Fassets%2Fcovers%2Fdont-let-them-get-you-down-by-philip-fracassi.png%3ForigWidth%3D500%26origHeight%3D750%26origFormat%3Dpng&w=124&h=186&q=80&f=avif 124w, /_image/?href=%2Fcontent%2Fassets%2Fcovers%2Fdont-let-them-get-you-down-by-philip-fracassi.png%3ForigWidth%3D500%26origHeight%3D750%26origFormat%3Dpng&w=248&h=372&q=80&f=avif 248w, /_image/?href=%2Fcontent%2Fassets%2Fcovers%2Fdont-let-them-get-you-down-by-philip-fracassi.png%3ForigWidth%3D500%26origHeight%3D750%26origFormat%3Dpng&w=496&h=744&q=80&f=avif 496w"
                        width="248"
                      />
                    </div>
                  </div>
                </div>
              </div>
              <div
                class="
          @container flex justify-center bg-default px-4 pb-8
          @min-[193px]:px-[clamp(4px,14cqw,32px)] @min-[193px]:pb-6
        "
              >
                <div
                  class="flex w-full max-w-[200px] flex-col px-1"
                >
                  <div
                    class="
              pt-3 font-sans text-xxs leading-4 font-light whitespace-nowrap
              text-subtle
              @min-[238px]:tracking-wide
            "
                  >
                    29 Oct 2023
                  </div>
                  <div
                    class="
              pt-2 text-base leading-5 font-medium
              tablet:pt-3
              @min-[238px]:pt-2 @min-[238px]:text-md
            "
                  >
                    <a
                      class="
                block
                after:absolute after:top-0 after:left-0 after:z-60
                after:size-full after:opacity-0
                hover:text-accent
              "
                      href="/reviews/dont-let-them-get-you-down-by-philip-fracassi/"
                      rel="canonical"
                    >
                      Don't Let Them Get You Down
                    </a>
                  </div>
                  <p
                    class="pt-1 font-sans text-xs leading-4 font-light text-subtle"
                  >
                    <span
                      class="
                hidden
                @min-[238px]:inline
              "
                    >
                      by 
                    </span>
                    <span>
                      Philip Fracassi
                    </span>
                  </p>
                   
                  <picture>
                    <source
                      media="(prefers-color-scheme: dark)"
                      srcset="/svg/2-half-stars-dark.svg"
                    />
                    <img
                      alt="C-: 2.5 stars (out of 5)"
                      class="
              mt-2 h-3 w-15
              @min-[238px]:mt-2 @min-[238px]:h-[14px] @min-[238px]:w-[70px]
            "
                      height="16"
                      src="/svg/2-half-stars.svg"
                      width="80"
                    />
                  </picture>
                  <div
                    class="
              mt-auto pt-6 font-sans text-xxs leading-4 font-light text-subtle
              @min-[238px]:tracking-wide
            "
                  >
                    Novel | 2022
                  </div>
                </div>
              </div>
            </li>
            <li
              class="
        group/card relative row-span-2 grid transform-gpu grid-rows-subgrid
        flex-col bg-default transition-transform
        has-[a:hover]:-translate-y-2 has-[a:hover]:drop-shadow-2xl
        tablet:flex tablet:w-[calc((100%_-_32px)_/_3)]
        tablet-landscape:w-[calc((100%_-_48px)_/_4)]
        laptop:w-[calc((100%_-_120px)_/_6)]
      "
            >
              <div
                class="
          @container z-10 flex justify-center self-end px-3 pt-6
          tablet:self-auto
          @min-[200px]:px-[clamp(4px,10cqw,32px)]
        "
              >
                <div
                  class="
            relative drop-shadow-md
            after:absolute after:inset-x-0 after:top-0 after:bottom-0 after:z-20
            after:bg-default after:opacity-15 after:transition-opacity
            group-hover/card:after:opacity-0
          "
                >
                  <div
                    class="
        relative
        after:absolute after:top-0 after:left-0 after:z-20 after:block
        after:size-full after:rounded-[2.5px] after:bg-[url(/assets/spot.png)]
        after:bg-size-[100%_100%] after:mix-blend-soft-light
        max-w-[200px]
      "
                  >
                    <div
                      class="
          relative z-10
          before:absolute before:top-0 before:left-0 before:z-10 before:block
          before:size-full before:rounded-[2.5px]
          before:bg-[url(/assets/spine-light.png)] before:bg-size-[100%_100%]
          after:absolute after:top-0 after:left-0 after:z-10 after:block
          after:size-full after:rounded-[2.5px]
          after:bg-[url(/assets/spine-dark.png)] after:bg-size-[100%_100%]
          after:mix-blend-multiply
        "
                    >
                      <img
                        alt=""
                        class="
            rounded-[2.5px] bg-default shadow-sm
            @min-[160px]:shadow-lg
          "
                        decoding="async"
                        height="372"
                        loading="lazy"
                        sizes="(min-width: 1860px) 200px, (min-width: 1440px) calc(9.75vw + 21px), (min-width: 1280px) calc(16.43vw - 59px), (min-width: 1040px) calc(6.36vw + 120px), (min-width: 960px) 200px, (min-width: 780px) calc(11.25vw + 94px), (min-width: 620px) 200px, (min-width: 460px) calc(25.71vw + 46px), calc(42.14vw - 12px)"
                        src="/_image/?href=%2Fcontent%2Fassets%2Fcovers%2Fthe-creative-act-by-rick-rubin.png%3ForigWidth%3D500%26origHeight%3D750%26origFormat%3Dpng&w=248&h=372&q=80&f=avif"
                        srcset="/_image/?href=%2Fcontent%2Fassets%2Fcovers%2Fthe-creative-act-by-rick-rubin.png%3ForigWidth%3D500%26origHeight%3D750%26origFormat%3Dpng&w=62&h=93&q=80&f=avif 62w, /_image/?href=%2Fcontent%2Fassets%2Fcovers%2Fthe-creative-act-by-rick-rubin.png%3ForigWidth%3D500%26origHeight%3D750%26origFormat%3Dpng&w=124&h=186&q=80&f=avif 124w, /_image/?href=%2Fcontent%2Fassets%2Fcovers%2Fthe-creative-act-by-rick-rubin.png%3ForigWidth%3D500%26origHeight%3D750%26origFormat%3Dpng&w=248&h=372&q=80&f=avif 248w, /_image/?href=%2Fcontent%2Fassets%2Fcovers%2Fthe-creative-act-by-rick-rubin.png%3ForigWidth%3D500%26origHeight%3D750%26origFormat%3Dpng&w=496&h=744&q=80&f=avif 496w"
                        width="248"
                      />
                    </div>
                  </div>
                </div>
              </div>
              <div
                class="
          @container flex justify-center bg-default px-4 pb-8
          @min-[193px]:px-[clamp(4px,14cqw,32px)] @min-[193px]:pb-6
        "
              >
                <div
                  class="flex w-full max-w-[200px] flex-col px-1"
                >
                  <div
                    class="
              pt-3 font-sans text-xxs leading-4 font-light whitespace-nowrap
              text-subtle
              @min-[238px]:tracking-wide
            "
                  >
                    22 Oct 2023
                  </div>
                  <div
                    class="
              pt-2 text-base leading-5 font-medium
              tablet:pt-3
              @min-[238px]:pt-2 @min-[238px]:text-md
            "
                  >
                    <a
                      class="
                block
                after:absolute after:top-0 after:left-0 after:z-60
                after:size-full after:opacity-0
                hover:text-accent
              "
                      href="/reviews/the-creative-act-by-rick-rubin/"
                      rel="canonical"
                    >
                      The Creative Act
                    </a>
                  </div>
                  <p
                    class="pt-1 font-sans text-xs leading-4 font-light text-subtle"
                  >
                    <span
                      class="
                hidden
                @min-[238px]:inline
              "
                    >
                      by 
                    </span>
                    <span>
                      Rick Rubin
                    </span>
                  </p>
                   
                  <picture>
                    <source
                      media="(prefers-color-scheme: dark)"
                      srcset="/svg/3-stars-dark.svg"
                    />
                    <img
                      alt="C+: 3 stars (out of 5)"
                      class="
              mt-2 h-3 w-15
              @min-[238px]:mt-2 @min-[238px]:h-[14px] @min-[238px]:w-[70px]
            "
                      height="16"
                      src="/svg/3-stars.svg"
                      width="80"
                    />
                  </picture>
                  <div
                    class="
              mt-auto pt-6 font-sans text-xxs leading-4 font-light text-subtle
              @min-[238px]:tracking-wide
            "
                  >
                    Nonfiction | 2023
                  </div>
                </div>
              </div>
            </li>
            <li
              class="
        group/card relative row-span-2 grid transform-gpu grid-rows-subgrid
        flex-col bg-default transition-transform
        has-[a:hover]:-translate-y-2 has-[a:hover]:drop-shadow-2xl
        tablet:flex tablet:w-[calc((100%_-_32px)_/_3)]
        tablet-landscape:w-[calc((100%_-_48px)_/_4)]
        laptop:w-[calc((100%_-_120px)_/_6)]
      "
            >
              <div
                class="
          @container z-10 flex justify-center self-end px-3 pt-6
          tablet:self-auto
          @min-[200px]:px-[clamp(4px,10cqw,32px)]
        "
              >
                <div
                  class="
            relative drop-shadow-md
            after:absolute after:inset-x-0 after:top-0 after:bottom-0 after:z-20
            after:bg-default after:opacity-15 after:transition-opacity
            group-hover/card:after:opacity-0
          "
                >
                  <div
                    class="
        relative
        after:absolute after:top-0 after:left-0 after:z-20 after:block
        after:size-full after:rounded-[2.5px] after:bg-[url(/assets/spot.png)]
        after:bg-size-[100%_100%] after:mix-blend-soft-light
        max-w-[200px]
      "
                  >
                    <div
                      class="
          relative z-10
          before:absolute before:top-0 before:left-0 before:z-10 before:block
          before:size-full before:rounded-[2.5px]
          before:bg-[url(/assets/spine-light.png)] before:bg-size-[100%_100%]
          after:absolute after:top-0 after:left-0 after:z-10 after:block
          after:size-full after:rounded-[2.5px]
          after:bg-[url(/assets/spine-dark.png)] after:bg-size-[100%_100%]
          after:mix-blend-multiply
        "
                    >
                      <img
                        alt=""
                        class="
            rounded-[2.5px] bg-default shadow-sm
            @min-[160px]:shadow-lg
          "
                        decoding="async"
                        height="372"
                        loading="lazy"
                        sizes="(min-width: 1860px) 200px, (min-width: 1440px) calc(9.75vw + 21px), (min-width: 1280px) calc(16.43vw - 59px), (min-width: 1040px) calc(6.36vw + 120px), (min-width: 960px) 200px, (min-width: 780px) calc(11.25vw + 94px), (min-width: 620px) 200px, (min-width: 460px) calc(25.71vw + 46px), calc(42.14vw - 12px)"
                        src="/_image/?href=%2Fcontent%2Fassets%2Fcovers%2Fsacculina-by-philip-fracassi.png%3ForigWidth%3D500%26origHeight%3D750%26origFormat%3Dpng&w=248&h=372&q=80&f=avif"
                        srcset="/_image/?href=%2Fcontent%2Fassets%2Fcovers%2Fsacculina-by-philip-fracassi.png%3ForigWidth%3D500%26origHeight%3D750%26origFormat%3Dpng&w=62&h=93&q=80&f=avif 62w, /_image/?href=%2Fcontent%2Fassets%2Fcovers%2Fsacculina-by-philip-fracassi.png%3ForigWidth%3D500%26origHeight%3D750%26origFormat%3Dpng&w=124&h=186&q=80&f=avif 124w, /_image/?href=%2Fcontent%2Fassets%2Fcovers%2Fsacculina-by-philip-fracassi.png%3ForigWidth%3D500%26origHeight%3D750%26origFormat%3Dpng&w=248&h=372&q=80&f=avif 248w, /_image/?href=%2Fcontent%2Fassets%2Fcovers%2Fsacculina-by-philip-fracassi.png%3ForigWidth%3D500%26origHeight%3D750%26origFormat%3Dpng&w=496&h=744&q=80&f=avif 496w"
                        width="248"
                      />
                    </div>
                  </div>
                </div>
              </div>
              <div
                class="
          @container flex justify-center bg-default px-4 pb-8
          @min-[193px]:px-[clamp(4px,14cqw,32px)] @min-[193px]:pb-6
        "
              >
                <div
                  class="flex w-full max-w-[200px] flex-col px-1"
                >
                  <div
                    class="
              pt-3 font-sans text-xxs leading-4 font-light whitespace-nowrap
              text-subtle
              @min-[238px]:tracking-wide
            "
                  >
                    09 Oct 2023
                  </div>
                  <div
                    class="
              pt-2 text-base leading-5 font-medium
              tablet:pt-3
              @min-[238px]:pt-2 @min-[238px]:text-md
            "
                  >
                    <a
                      class="
                block
                after:absolute after:top-0 after:left-0 after:z-60
                after:size-full after:opacity-0
                hover:text-accent
              "
                      href="/reviews/sacculina-by-philip-fracassi/"
                      rel="canonical"
                    >
                      Sacculina
                    </a>
                  </div>
                  <p
                    class="pt-1 font-sans text-xs leading-4 font-light text-subtle"
                  >
                    <span
                      class="
                hidden
                @min-[238px]:inline
              "
                    >
                      by 
                    </span>
                    <span>
                      Philip Fracassi
                    </span>
                  </p>
                   
                  <picture>
                    <source
                      media="(prefers-color-scheme: dark)"
                      srcset="/svg/4-stars-dark.svg"
                    />
                    <img
                      alt="B: 4 stars (out of 5)"
                      class="
              mt-2 h-3 w-15
              @min-[238px]:mt-2 @min-[238px]:h-[14px] @min-[238px]:w-[70px]
            "
                      height="16"
                      src="/svg/4-stars.svg"
                      width="80"
                    />
                  </picture>
                  <div
                    class="
              mt-auto pt-6 font-sans text-xxs leading-4 font-light text-subtle
              @min-[238px]:tracking-wide
            "
                  >
                    Novella | 2017
                  </div>
                </div>
              </div>
            </li>
            <li
              class="
        group/card relative row-span-2 grid transform-gpu grid-rows-subgrid
        flex-col bg-default transition-transform
        has-[a:hover]:-translate-y-2 has-[a:hover]:drop-shadow-2xl
        tablet:flex tablet:w-[calc((100%_-_32px)_/_3)]
        tablet-landscape:w-[calc((100%_-_48px)_/_4)]
        laptop:w-[calc((100%_-_120px)_/_6)]
      "
            >
              <div
                class="
          @container z-10 flex justify-center self-end px-3 pt-6
          tablet:self-auto
          @min-[200px]:px-[clamp(4px,10cqw,32px)]
        "
              >
                <div
                  class="
            relative drop-shadow-md
            after:absolute after:inset-x-0 after:top-0 after:bottom-0 after:z-20
            after:bg-default after:opacity-15 after:transition-opacity
            group-hover/card:after:opacity-0
          "
                >
                  <div
                    class="
        relative
        after:absolute after:top-0 after:left-0 after:z-20 after:block
        after:size-full after:rounded-[2.5px] after:bg-[url(/assets/spot.png)]
        after:bg-size-[100%_100%] after:mix-blend-soft-light
        max-w-[200px]
      "
                  >
                    <div
                      class="
          relative z-10
          before:absolute before:top-0 before:left-0 before:z-10 before:block
          before:size-full before:rounded-[2.5px]
          before:bg-[url(/assets/spine-light.png)] before:bg-size-[100%_100%]
          after:absolute after:top-0 after:left-0 after:z-10 after:block
          after:size-full after:rounded-[2.5px]
          after:bg-[url(/assets/spine-dark.png)] after:bg-size-[100%_100%]
          after:mix-blend-multiply
        "
                    >
                      <img
                        alt=""
                        class="
            rounded-[2.5px] bg-default shadow-sm
            @min-[160px]:shadow-lg
          "
                        decoding="async"
                        height="372"
                        loading="lazy"
                        sizes="(min-width: 1860px) 200px, (min-width: 1440px) calc(9.75vw + 21px), (min-width: 1280px) calc(16.43vw - 59px), (min-width: 1040px) calc(6.36vw + 120px), (min-width: 960px) 200px, (min-width: 780px) calc(11.25vw + 94px), (min-width: 620px) 200px, (min-width: 460px) calc(25.71vw + 46px), calc(42.14vw - 12px)"
                        src="/_image/?href=%2Fcontent%2Fassets%2Fcovers%2Fthe-cipher-by-kathe-koja.png%3ForigWidth%3D500%26origHeight%3D750%26origFormat%3Dpng&w=248&h=372&q=80&f=avif"
                        srcset="/_image/?href=%2Fcontent%2Fassets%2Fcovers%2Fthe-cipher-by-kathe-koja.png%3ForigWidth%3D500%26origHeight%3D750%26origFormat%3Dpng&w=62&h=93&q=80&f=avif 62w, /_image/?href=%2Fcontent%2Fassets%2Fcovers%2Fthe-cipher-by-kathe-koja.png%3ForigWidth%3D500%26origHeight%3D750%26origFormat%3Dpng&w=124&h=186&q=80&f=avif 124w, /_image/?href=%2Fcontent%2Fassets%2Fcovers%2Fthe-cipher-by-kathe-koja.png%3ForigWidth%3D500%26origHeight%3D750%26origFormat%3Dpng&w=248&h=372&q=80&f=avif 248w, /_image/?href=%2Fcontent%2Fassets%2Fcovers%2Fthe-cipher-by-kathe-koja.png%3ForigWidth%3D500%26origHeight%3D750%26origFormat%3Dpng&w=496&h=744&q=80&f=avif 496w"
                        width="248"
                      />
                    </div>
                  </div>
                </div>
              </div>
              <div
                class="
          @container flex justify-center bg-default px-4 pb-8
          @min-[193px]:px-[clamp(4px,14cqw,32px)] @min-[193px]:pb-6
        "
              >
                <div
                  class="flex w-full max-w-[200px] flex-col px-1"
                >
                  <div
                    class="
              pt-3 font-sans text-xxs leading-4 font-light whitespace-nowrap
              text-subtle
              @min-[238px]:tracking-wide
            "
                  >
                    29 Jan 2023
                  </div>
                  <div
                    class="
              pt-2 text-base leading-5 font-medium
              tablet:pt-3
              @min-[238px]:pt-2 @min-[238px]:text-md
            "
                  >
                    <a
                      class="
                block
                after:absolute after:top-0 after:left-0 after:z-60
                after:size-full after:opacity-0
                hover:text-accent
              "
                      href="/reviews/the-cipher-by-kathe-koja/"
                      rel="canonical"
                    >
                      The Cipher
                    </a>
                  </div>
                  <p
                    class="pt-1 font-sans text-xs leading-4 font-light text-subtle"
                  >
                    <span
                      class="
                hidden
                @min-[238px]:inline
              "
                    >
                      by 
                    </span>
                    <span>
                      Kathe Koja
                    </span>
                  </p>
                   
                  <picture>
                    <source
                      media="(prefers-color-scheme: dark)"
                      srcset="/svg/4-stars-dark.svg"
                    />
                    <img
                      alt="B: 4 stars (out of 5)"
                      class="
              mt-2 h-3 w-15
              @min-[238px]:mt-2 @min-[238px]:h-[14px] @min-[238px]:w-[70px]
            "
                      height="16"
                      src="/svg/4-stars.svg"
                      width="80"
                    />
                  </picture>
                  <div
                    class="
              mt-auto pt-6 font-sans text-xxs leading-4 font-light text-subtle
              @min-[238px]:tracking-wide
            "
                  >
                    Novel | 1991
                  </div>
                </div>
              </div>
            </li>
          </ol>
          <div
            class="flex px-container py-10"
          >
            <a
              class="
              mx-auto w-full max-w-button transform-gpu bg-default py-5
              text-center font-sans text-xs font-semibold tracking-wide
              text-accent uppercase transition-all
              hover:scale-105 hover:bg-accent hover:text-inverse
            "
              href="/reviews/"
            >
              All Reviews
            </a>
          </div>
        </nav>
      </main>
      <footer
        class="bg-canvas"
      >
        <div
          class="mx-auto max-w-(--breakpoint-laptop) px-container py-20"
        >
          <div
            class="
            flex w-full flex-col
            tablet:flex-row-reverse tablet:justify-between
          "
          >
            <a
              class="
              mx-auto mb-8 w-full max-w-button transform-gpu bg-footer py-5
              text-center font-sans text-xs tracking-wide text-inverse uppercase
              transition-all
              hover:scale-105 hover:bg-subtle hover:text-default
              tablet:mx-0
            "
              href="#top"
            >
              To the top
            </a>
            <div
              class="
        flex transform-gpu flex-col transition-transform
        has-[a:hover]:scale-105
        
      "
            >
              <div
                class="
          text-[1.375rem] leading-8 font-normal whitespace-nowrap
          tablet:text-[1.5625rem]
        "
              >
                <a
                  href="/"
                >
                  Frank's Book Log
                </a>
              </div>
              <p
                class="w-full pl-px text-sm leading-4 italic opacity-85"
              >
                by Frank Showalter
              </p>
            </div>
          </div>
          <div
            class="
            justify-between
            tablet:flex
          "
          >
            <div
              class="
              flex max-w-[640px] flex-col pb-12
              tablet:pr-32
            "
            >
              <div
                class="pt-10 font-sans text-sm font-light text-subtle"
              >
                <p
                  class="
                  mb-6 text-pretty
                  first-letter:float-left first-letter:mt-[6px]
                  first-letter:pr-1 first-letter:font-sans
                  first-letter:text-[40px] first-letter:leading-[.8]
                  first-letter:font-bold first-letter:text-default
                  desktop:first-letter:text-[64px]
                "
                >
                  Hi there, I'm Frank, a husband and father old enough to have read Stephen King's 
                  <em>
                    The Dark Half
                  </em>
                   during its first printing.
                </p>
                <p
                  class="mb-6 text-pretty"
                >
                  This site began in 2012, when I realized I'd accumulated more books than I could ever hope to finish. Worse still, I had books I thought I'd read but couldn't remember. Clearly, I needed a system.
                </p>
                <p
                  class="mb-6 text-pretty"
                >
                  What started on Goodreads evolved into this little corner of the internet where I share my thoughts on what I've read.
                </p>
                <p
                  class="mb-6 text-pretty"
                >
                  New visitors might want to start by reading about 
                  <a
                    class="
        underline transition-colors
        hover:text-default
      "
                    href="/how-i-grade/"
                  >
                    how I grade
                  </a>
                  . After that, feel free to browse 
                  <a
                    class="
        underline transition-colors
        hover:text-default
      "
                    href="/reviews/"
                  >
                    my reviews
                  </a>
                  , which are also indexed 
                  <a
                    class="
        underline transition-colors
        hover:text-default
      "
                    href="/authors/"
                  >
                    by author
                  </a>
                  .
                </p>
                <p
                  class="mb-6 text-pretty"
                >
                  I also keep a 
                  <a
                    class="
        underline transition-colors
        hover:text-default
      "
                    href="/readings/"
                  >
                    reading log
                  </a>
                   that tracks everything I read, whether it gets a full review or not, complete with 
                  <a
                    class="
        underline transition-colors
        hover:text-default
      "
                    href="/readings/stats/"
                  >
                    stats
                  </a>
                  . In an age of endless content, sometimes the act of remembering what we've read becomes as important as the reading itself.
                </p>
                <p
                  class="text-pretty"
                >
                  In an era of algorithmic recommendations and corporate marketing machines, consider this site a human alternative—one person's attempt to catalog his personal library and maybe help a few fellow travelers along the way.
                </p>
              </div>
            </div>
            <div
              class="
              flex w-full max-w-button grow flex-col gap-20 pt-10 pb-20
              tablet:basis-button tablet:pr-10
            "
            >
              <ul
                class="
                flex w-full flex-col gap-y-10
                desktop:w-auto
              "
              >
                <li
                  class="block w-1/2 text-2xl whitespace-nowrap"
                >
                  <a
                    class="
          block origin-left transform-gpu transition-all
          hover:scale-105
        "
                    href="/"
                  >
                    Home
                  </a>
                </li>
                <li
                  class="block w-1/2 text-2xl whitespace-nowrap"
                >
                  <a
                    class="
          block origin-left transform-gpu transition-all
          hover:scale-105
        "
                    href="/how-i-grade/"
                  >
                    How I Grade
                  </a>
                </li>
                <li
                  class="block w-1/2 text-2xl whitespace-nowrap"
                >
                  <a
                    class="
          block origin-left transform-gpu transition-all
          hover:scale-105
        "
                    href="/reviews/"
                  >
                    Reviews
                  </a>
                </li>
                <li
                  class="block w-1/2 text-2xl whitespace-nowrap"
                >
                  <a
                    class="
          block origin-left transform-gpu transition-all
          hover:scale-105
        "
                    href="/authors/"
                  >
                    Authors
                  </a>
                </li>
                <li
                  class="block w-1/2 text-2xl whitespace-nowrap"
                >
                  <a
                    class="
          block origin-left transform-gpu transition-all
          hover:scale-105
        "
                    href="/readings/"
                  >
                    Reading Log
                  </a>
                  <ol
                    class="mt-4"
                  >
                    <li
                      class="
              mb-4 ml-1 font-sans text-xs tracking-wide text-subtle uppercase
              last:mb-0
            "
                    >
                      <a
                        class="
                block origin-left transform-gpu transition-all
                hover:scale-105 hover:text-default
              "
                        href="/readings/stats/"
                      >
                        Stats
                      </a>
                    </li>
                  </ol>
                </li>
              </ul>
            </div>
          </div>
        </div>
        <p
          class="
          w-full bg-footer px-container py-10 text-center leading-5 font-normal
          text-inverse
        "
        >
          All reviews by Frank Showalter. All images used in accordance with the 
          <a
            class="text-inherit underline"
            href="http://www.copyright.gov/title17/92chap1.html#107"
            rel="nofollow"
          >
            Fair Use Law
          </a>
          .
        </p>
      </footer>
    </div>
  </div>
</DocumentFragment>
`;
